Microchip MPLAB XC8 Compiler V2.41

Linker command line:

-W-3 \
  --edf=C:/Program Files/Microchip/MPLABX/v6.10/packs/Microchip/PIC16Fxxx_DFP/1.4.149/xc8\pic\dat\20230322214319_en.msgs \
  -cn -h+dist/default/debug\RTC_DS1307.X.debug.sym \
  --cmf=dist/default/debug\RTC_DS1307.X.debug.cmf -z -Q16F887 \
  -oC:\Users\DELL\AppData\Local\Temp\xcAs3rk.\driver_tmp_3.o \
  --defsym=__MPLAB_BUILD=1 --fixupoverflow=error \
  -Mdist/default/debug/RTC_DS1307.X.debug.map \
  --md=C:\Users\DELL\AppData\Local\Temp\xcAs3rk.\driver_tmp_0.dat -E1 \
  -ver=XC8 Compiler --acfsm=1493 -ACODE=00h-07FFhx4 -ASTRCODE=00h-01FFFh \
  -ASTRING=00h-0FFhx32 -ACONST=00h-0FFhx32 -AENTRY=00h-0FFhx32 \
  -ACOMMON=070h-07Fh -ABANK0=020h-06Fh -ABANK1=0A0h-0EFh \
  -ABANK2=0110h-016Fh -ABANK3=0190h-01EFh \
  -ARAM=020h-06Fh,0A0h-0EFh,0110h-016Fh,0190h-01EFh \
  -AABS1=020h-07Fh,0A0h-0EFh,0110h-016Fh,0190h-01EFh -ASFR0=00h-01Fh \
  -ASFR1=080h-09Fh -ASFR2=0100h-010Fh -ASFR3=0180h-018Fh \
  -ACONFIG=02007h-02008h -DCONFIG=2 -AIDLOC=02000h-02003h -DIDLOC=2 \
  -AEEDATA=00h-0FFh/02100h -peeprom_data=EEDATA -DEEDATA=2 -DCODE=2 \
  -DSTRCODE=2 -DSTRING=2 -DCONST=2 -DENTRY=2 \
  -preset_vec=00h,intentry,init,end_init -ppowerup=CODE -pcinit=CODE \
  -pfunctab=ENTRY -k \
  C:\Users\DELL\AppData\Local\Temp\xcAs3rk.\driver_tmp_12.o \
  dist/default/debug\RTC_DS1307.X.debug.o 

Object code version is 3.11

Machine type is 16F887



                Name                               Link     Load   Length Selector   Space Scale
C:\Users\DELL\AppData\Local\Temp\xcAs3rk.\driver_tmp_12.o
                end_init                              0        0        3        0       0
                config                             2007     2007        2        0       4
dist/default/debug\RTC_DS1307.X.debug.o
                cinit                               7FC      7FC        4      FF8       0
                config                             2007     2007        2        0       4
                text10                              64F      64F        F      C9E       0
                text9                               66E      66E       13      CDC       0
                text8                               639      639        A      C72       0
                text7                               724      724       D8      E48       0
                text6                               643      643        C      C86       0
                text5                               681      681       13      D02       0
                text4                               621      621        8      C42       0
                text3                               629      629        8      C52       0
                text2                               631      631        8      C62       0
                text1                               65E      65E       10      CBC       0
                maintext                            694      694       90      D28       0
                cstackBANK0                          20       20       16       20       1
                cstackCOMMON                         70       70        6       70       1

TOTAL           Name                               Link     Load   Length     Space
        CLASS   CODE           
                end_init                              0        0        3         0
                cinit                               7FC      7FC        4         0
                text10                              64F      64F        F         0
                text9                               66E      66E       13         0
                text8                               639      639        A         0
                text7                               724      724       D8         0
                text6                               643      643        C         0
                text5                               681      681       13         0
                text4                               621      621        8         0
                text3                               629      629        8         0
                text2                               631      631        8         0
                text1                               65E      65E       10         0
                maintext                            694      694       90         0

        CLASS   STRCODE        

        CLASS   STRING         

        CLASS   CONST          

        CLASS   ENTRY          

        CLASS   COMMON         
                cstackCOMMON                         70       70        6         1

        CLASS   BANK0          
                cstackBANK0                          20       20       16         1

        CLASS   BANK1          

        CLASS   BANK2          

        CLASS   BANK3          

        CLASS   RAM            

        CLASS   ABS1           
                abs_s1                               7E       7E        2         1

        CLASS   SFR0           

        CLASS   SFR1           

        CLASS   SFR2           

        CLASS   SFR3           

        CLASS   CONFIG         
                config                             2007     2007        2         4

        CLASS   IDLOC          

        CLASS   EEDATA         

        CLASS   STACK          



SEGMENTS        Name                           Load    Length   Top    Selector   Space  Class     Delta

                reset_vec                      000000  000003  000003         0       0  CODE        2
                cstackBANK0                    000020  000016  000036        20       1  BANK0       1
                cstackCOMMON                   000070  000006  000076        70       1  COMMON      1
                text4                          000621  000008  000629       C42       0  CODE        2
                text3                          000629  000008  000631       C52       0  CODE        2
                text2                          000631  000008  000639       C62       0  CODE        2
                text8                          000639  00000A  000643       C72       0  CODE        2
                text6                          000643  00000C  00064F       C86       0  CODE        2
                text10                         00064F  00000F  00065E       C9E       0  CODE        2
                text1                          00065E  000010  00066E       CBC       0  CODE        2
                text9                          00066E  000013  000681       CDC       0  CODE        2
                text5                          000681  000013  000694       D02       0  CODE        2
                maintext                       000694  000090  000724       D28       0  CODE        2
                text7                          000724  0000D8  0007FC       E48       0  CODE        2
                cinit                          0007FC  000004  000800       FF8       0  CODE        2


UNUSED ADDRESS RANGES

        Name                Unused          Largest block    Delta
        BANK0            0036-006F             3A           1
        BANK1            00A0-00EF             50           1
        BANK2            0110-016F             60           1
        BANK3            0190-01EF             60           1
        CODE             0003-0620            61E           2
                         0800-1FFF            800
        COMMON           0076-007D              8           1
        CONST            0003-0620            100           2
                         0800-1FFF            100
        EEDATA           2100-21FF            100           2
        ENTRY            0003-0620            100           2
                         0800-1FFF            100
        IDLOC            2000-2003              4           2
        RAM              0036-006F             3A           1
                         00A0-00EF             50
                         0110-016F             60
                         0190-01EF             60
        SFR0             0000-001F             20           1
        SFR1             0080-009F             20           1
        SFR2             0100-010F             10           1
        SFR3             0180-018F             10           1
        STRCODE          0003-0620            61E           2
                         0800-1FFF           1800
        STRING           0003-0620            100           2
                         0800-1FFF            100

                                  Symbol Table

_ACKDT                   (abs)        048D
_ACKEN                   (abs)        048C
_ACKSTAT                 (abs)        048E
_ANSEL                   (abs)        0188
_ANSELH                  (abs)        0189
_BF                      (abs)        04A0
_PEN                     (abs)        048A
_PORTC                   (abs)        0007
_PORTD                   (abs)        0008
_PORTE                   (abs)        0009
_RCEN                    (abs)        048B
_RE0                     (abs)        0048
_RE1                     (abs)        0049
_RSEN                    (abs)        0489
_SEN                     (abs)        0488
_SSPBUF                  (abs)        0013
_SSPCON                  (abs)        0014
_SSPCON2                 (abs)        0091
_SSPIF                   (abs)        0063
_SSPOV                   (abs)        00A6
_SSPSTAT                 (abs)        0094
_TRISC                   (abs)        0087
_TRISD                   (abs)        0088
_TRISE                   (abs)        0089
__H__absolute__          __absolute__ 0000
__Habs1                  abs1         0000
__Hbank0                 bank0        0000
__Hbank1                 bank1        0000
__Hbank2                 bank2        0000
__Hbank3                 bank3        0000
__Hcinit                 cinit        0800
__Hclrtext               clrtext      0000
__Hcode                  code         0000
__Hcommon                common       0000
__Hconfig                config       2009
__HcstackBANK0           cstackBANK0  0000
__HcstackCOMMON          cstackCOMMON 0000
__Heeprom_data           eeprom_data  0000
__Hend_init              end_init     0003
__Hfunctab               functab      0000
__Hinit                  init         0000
__Hintentry              intentry     0000
__Hmaintext              maintext     0000
__Hpowerup               powerup      0000
__Hram                   ram          0000
__Hreset_vec             reset_vec    0000
__Hsfr0                  sfr0         0000
__Hsfr1                  sfr1         0000
__Hsfr2                  sfr2         0000
__Hsfr3                  sfr3         0000
__Hspace_0               (abs)        0800
__Hspace_1               (abs)        0076
__Hspace_2               (abs)        0000
__Hspace_3               (abs)        0000
__Hspace_4               (abs)        4010
__Hstack                 stack        0000
__Hstrings               strings      0000
__Htext                  text         0000
__L__absolute__          __absolute__ 0000
__Labs1                  abs1         0000
__Lbank0                 bank0        0000
__Lbank1                 bank1        0000
__Lbank2                 bank2        0000
__Lbank3                 bank3        0000
__Lcinit                 cinit        07FC
__Lclrtext               clrtext      0000
__Lcode                  code         0000
__Lcommon                common       0000
__Lconfig                config       0000
__LcstackBANK0           cstackBANK0  0000
__LcstackCOMMON          cstackCOMMON 0000
__Leeprom_data           eeprom_data  0000
__Lend_init              end_init     0000
__Lfunctab               functab      0000
__Linit                  init         0000
__Lintentry              intentry     0000
__Lmaintext              maintext     0000
__Lpowerup               powerup      0000
__Lram                   ram          0000
__Lreset_vec             reset_vec    0000
__Lsfr0                  sfr0         0000
__Lsfr1                  sfr1         0000
__Lsfr2                  sfr2         0000
__Lsfr3                  sfr3         0000
__Lspace_0               (abs)        0000
__Lspace_1               (abs)        0000
__Lspace_2               (abs)        0000
__Lspace_3               (abs)        0000
__Lspace_4               (abs)        0000
__Lstack                 stack        0000
__Lstrings               strings      0000
__Ltext                  text         0000
__S0                     (abs)        0800
__S1                     (abs)        0076
__S3                     (abs)        0000
___int_sp                stack        0000
___latbits               (abs)        0002
___sp                    stack        0000
___stackhi               (abs)        0000
___stacklo               (abs)        0000
__end_of__initialization cinit        07FC
__end_of_cmd             text9        0681
__end_of_conv            text7        07FC
__end_of_display         text8        0643
__end_of_i2c_ins         text6        064F
__end_of_i2c_read        text5        0694
__end_of_i2c_restart     text4        0629
__end_of_i2c_st          text3        0631
__end_of_i2c_stop        text2        0639
__end_of_i2c_write       text1        066E
__end_of_main            maintext     0724
__end_of_puls            text10       065E
__initialization         cinit        07FC
__pcstackBANK0           cstackBANK0  0020
__pcstackCOMMON          cstackCOMMON 0070
__pmaintext              maintext     0694
__ptext1                 text1        065E
__ptext10                text10       064F
__ptext2                 text2        0631
__ptext3                 text3        0629
__ptext4                 text4        0621
__ptext5                 text5        0681
__ptext6                 text6        0643
__ptext7                 text7        0724
__ptext8                 text8        0639
__ptext9                 text9        066E
_cmd                     text9        066E
_conv                    text7        0724
_display                 text8        0639
_i2c_ins                 text6        0643
_i2c_read                text5        0681
_i2c_restart             text4        0621
_i2c_st                  text3        0629
_i2c_stop                text2        0631
_i2c_write               text1        065E
_main                    maintext     0694
_puls                    text10       064F
btemp                    (abs)        007E
cmd@command              cstackCOMMON 0072
cmd@data                 cstackCOMMON 0071
conv@i                   cstackCOMMON 0075
display@data             cstackCOMMON 0073
end_of_initialization    cinit        07FC
i2c_read@data            cstackCOMMON 0072
i2c_write@data           cstackCOMMON 0070
intlevel0                functab      0000
intlevel1                functab      0000
intlevel2                functab      0000
intlevel3                functab      0000
intlevel4                functab      0000
intlevel5                functab      0000
main@data                cstackBANK0  0020
main@i                   cstackBANK0  0034
reset_vec                reset_vec    0000
start                    init         0000
start_initialization     cinit        07FC
wtemp0                   (abs)        007E


MODULE INFORMATION

Module		Function		Class		Link	Load	Size
DS_1307_I2C.c
		_display       		CODE           	0639	0000	10
		_i2c_restart   		CODE           	0621	0000	8
		_main          		CODE           	0694	0000	144
		_puls          		CODE           	064F	0000	15
		_i2c_st        		CODE           	0629	0000	8
		_conv          		CODE           	0724	0000	216
		_i2c_write     		CODE           	065E	0000	16
		_i2c_ins       		CODE           	0643	0000	12
		_i2c_stop      		CODE           	0631	0000	8
		_cmd           		CODE           	066E	0000	19
		_i2c_read      		CODE           	0681	0000	19

DS_1307_I2C.c estimated size: 475

shared
		__initialization		CODE           	07FC	0000	1

shared estimated size: 1

